big0 : ok: 3e+290
big1 : ok: 3e+291
big2 : ok: 3e+292
big3 : ok: 3e+293
big4 : ok: 3e+294
big5 : ok: 3e+295
big6 : ok: 3e+296
big7 : ok: 3e+297
big8 : ok: 3e+298
big9 : ok: 3e+299
big10 : ok: 3e+300
big11 : ok: 3e+301
big12 : ok: 3e+302
big13 : ok: 3e+303
big14 : ok: 3e+304
big15 : ok: 3e+305
big16 : ok: 3e+306
big17 : ok: 3e+307
small0 : ok: -3e+290
small1 : ok: -3e+291
small2 : ok: -3e+292
small3 : ok: -3e+293
small4 : ok: -3e+294
small5 : ok: -3e+295
small6 : ok: -3e+296
small7 : ok: -3e+297
small8 : ok: -3e+298
small9 : ok: -3e+299
small10 : ok: -3e+300
small11 : ok: -3e+301
small12 : ok: -3e+302
small13 : ok: -3e+303
small14 : ok: -3e+304
small15 : ok: -3e+305
small16 : ok: -3e+306
small17 : ok: -3e+307
int2 : ok: 1e+2
int3 : ok: 1e+3
int4 : ok: 1e+4
int5 : ok: 1e+5
int6 : ok: 1e+6
int7 : ok: 1e+7
int8 : ok: 1e+8
int9 : ok: 1e+9
int10 : ok: 1e+10
int11 : ok: 1e+11
int12 : ok: 1e+12
int13 : ok: 1e+13
int14 : ok: 1e+14
int15 : ok: 1e+15
int16 : ok: 1e+16
int17 : ok: 1e+17
int18 : ok: 1e+18
int19 : ok: 1e+19
int20 : ok: 1e+20
int21 : ok: 1e+21
int22 : ok: 1e+22
int23 : ok: 1e+23
int24 : ok: 1e+24
int25 : ok: 1e+25
int26 : ok: 1e+26
int27 : ok: 1e+27
int28 : ok: 1e+28
int29 : ok: 1e+29
int30 : ok: 1e+30
int31 : ok: 1e+31
int32 : ok: 1e+32
int33 : ok: 1e+33
int34 : ok: 1e+34
int35 : ok: 1e+35
int36 : ok: 1e+36
int37 : ok: 1e+37
int38 : ok: 1e+38
int39 : ok: 1e+39
int40 : ok: 1e+40
int41 : ok: 1e+41
int42 : ok: 1e+42
int43 : ok: 1e+43
int44 : ok: 1e+44
int45 : ok: 1e+45
int46 : ok: 1e+46
int47 : ok: 1e+47
int48 : ok: 1e+48
int49 : ok: 1e+49
int50 : ok: 1e+50
int51 : ok: 1e+51
int52 : ok: 1e+52
int53 : ok: 1e+53
int54 : ok: 1e+54
int55 : ok: 1e+55
int56 : ok: 1e+56
int57 : ok: 1e+57
int58 : ok: 1e+58
int59 : ok: 1e+59
int60 : ok: 1e+60
int61 : ok: 1e+61
int62 : ok: 1e+62
int63 : ok: 1e+63
int64 : ok: 1e+64
int65 : ok: 1e+65
int66 : ok: 1e+66
int67 : ok: 1e+67
int68 : ok: 1e+68
int69 : ok: 1e+69
int70 : ok: 1e+70
int71 : ok: 1e+71
int72 : ok: 1e+72
int73 : ok: 1e+73
int74 : ok: 1e+74
int75 : ok: 1e+75
int76 : ok: 1e+76
int77 : ok: 1e+77
int78 : ok: 1e+78
int79 : ok: 1e+79
int80 : ok: 1e+80
int81 : ok: 1e+81
int82 : ok: 1e+82
int83 : ok: 1e+83
int84 : ok: 1e+84
int85 : ok: 1e+85
int86 : ok: 1e+86
int87 : ok: 1e+87
int88 : ok: 1e+88
int89 : ok: 1e+89
int90 : ok: 1e+90
int91 : ok: 1e+91
int92 : ok: 1e+92
int93 : ok: 1e+93
int94 : ok: 1e+94
int95 : ok: 1e+95
int96 : ok: 1e+96
int97 : ok: 1e+97
int98 : ok: 1e+98
int99 : ok: 1e+99
int100 : ok: 1e+100
int101 : ok: 1e+101
int102 : ok: 1e+102
int103 : ok: 1e+103
int104 : ok: 1e+104
int105 : ok: 1e+105
int106 : ok: 1e+106
int107 : ok: 1e+107
int108 : ok: 1e+108
int109 : ok: 1e+109
int110 : ok: 1e+110
int111 : ok: 1e+111
int112 : ok: 1e+112
int113 : ok: 1e+113
int114 : ok: 1e+114
int115 : ok: 1e+115
int116 : ok: 1e+116
int117 : ok: 1e+117
int118 : ok: 1e+118
int119 : ok: 1e+119
int120 : ok: 1e+120
int121 : ok: 1e+121
int122 : ok: 1e+122
int123 : ok: 1e+123
int124 : ok: 1e+124
int125 : ok: 1e+125
int126 : ok: 1e+126
int127 : ok: 1e+127
int128 : ok: 1e+128
int129 : ok: 1e+129
int130 : ok: 1e+130
int131 : ok: 1e+131
int132 : ok: 1e+132
int133 : ok: 1e+133
int134 : ok: 1e+134
int135 : ok: 1e+135
int136 : ok: 1e+136
int137 : ok: 1e+137
int138 : ok: 1e+138
int139 : ok: 1e+139
int140 : ok: 1e+140
int141 : ok: 1e+141
int142 : ok: 1e+142
int143 : ok: 1e+143
int144 : ok: 1e+144
int145 : ok: 1e+145
int146 : ok: 1e+146
int147 : ok: 1e+147
int148 : ok: 1e+148
int149 : ok: 1e+149
int150 : ok: 1e+150
int151 : ok: 1e+151
int152 : ok: 1e+152
int153 : ok: 1e+153
int154 : ok: 1e+154
int155 : ok: 1e+155
int156 : ok: 1e+156
int157 : ok: 1e+157
int158 : ok: 1e+158
int159 : ok: 1e+159
int160 : ok: 1e+160
int161 : ok: 1e+161
int162 : ok: 1e+162
int163 : ok: 1e+163
int164 : ok: 1e+164
int165 : ok: 1e+165
int166 : ok: 1e+166
int167 : ok: 1e+167
int168 : ok: 1e+168
int169 : ok: 1e+169
int170 : ok: 1e+170
int171 : ok: 1e+171
int172 : ok: 1e+172
int173 : ok: 1e+173
int174 : ok: 1e+174
int175 : ok: 1e+175
int176 : ok: 1e+176
int177 : ok: 1e+177
int178 : ok: 1e+178
int179 : ok: 1e+179
int180 : ok: 1e+180
int181 : ok: 1e+181
int182 : ok: 1e+182
int183 : ok: 1e+183
int184 : ok: 1e+184
int185 : ok: 1e+185
int186 : ok: 1e+186
int187 : ok: 1e+187
int188 : ok: 1e+188
int189 : ok: 1e+189
int190 : ok: 1e+190
int191 : ok: 1e+191
int192 : ok: 1e+192
int193 : ok: 1e+193
int194 : ok: 1e+194
int195 : ok: 1e+195
int196 : ok: 1e+196
int197 : ok: 1e+197
int198 : ok: 1e+198
int199 : ok: 1e+199
int200 : ok: 1e+200
int201 : ok: 1e+201
int202 : ok: 1e+202
int203 : ok: 1e+203
int204 : ok: 1e+204
int205 : ok: 1e+205
int206 : ok: 1e+206
int207 : ok: 1e+207
int208 : ok: 1e+208
int209 : ok: 1e+209
int210 : ok: 1e+210
int211 : ok: 1e+211
int212 : ok: 1e+212
int213 : ok: 1e+213
int214 : ok: 1e+214
int215 : ok: 1e+215
int216 : ok: 1e+216
int217 : ok: 1e+217
int218 : ok: 1e+218
int219 : ok: 1e+219
int220 : ok: 1e+220
int221 : ok: 1e+221
int222 : ok: 1e+222
int223 : ok: 1e+223
int224 : ok: 1e+224
int225 : ok: 1e+225
int226 : ok: 1e+226
int227 : ok: 1e+227
int228 : ok: 1e+228
int229 : ok: 1e+229
int230 : ok: 1e+230
int231 : ok: 1e+231
int232 : ok: 1e+232
int233 : ok: 1e+233
int234 : ok: 1e+234
int235 : ok: 1e+235
int236 : ok: 1e+236
int237 : ok: 1e+237
int238 : ok: 1e+238
int239 : ok: 1e+239
int240 : ok: 1e+240
int241 : ok: 1e+241
int242 : ok: 1e+242
int243 : ok: 1e+243
int244 : ok: 1e+244
int245 : ok: 1e+245
int246 : ok: 1e+246
int247 : ok: 1e+247
int248 : ok: 1e+248
int249 : ok: 1e+249
int250 : ok: 1e+250
int251 : ok: 1e+251
int252 : ok: 1e+252
int253 : ok: 1e+253
int254 : ok: 1e+254
int255 : ok: 1e+255
int256 : ok: 1e+256
int257 : ok: 1e+257
int258 : ok: 1e+258
int259 : ok: 1e+259
int260 : ok: 1e+260
int261 : ok: 1e+261
int262 : ok: 1e+262
int263 : ok: 1e+263
int264 : ok: 1e+264
int265 : ok: 1e+265
int266 : ok: 1e+266
int267 : ok: 1e+267
int268 : ok: 1e+268
int269 : ok: 1e+269
int270 : ok: 1e+270
int271 : ok: 1e+271
int272 : ok: 1e+272
int273 : ok: 1e+273
int274 : ok: 1e+274
int275 : ok: 1e+275
int276 : ok: 1e+276
int277 : ok: 1e+277
int278 : ok: 1e+278
int279 : ok: 1e+279
int280 : ok: 1e+280
int281 : ok: 1e+281
int282 : ok: 1e+282
int283 : ok: 1e+283
int284 : ok: 1e+284
int285 : ok: 1e+285
int286 : ok: 1e+286
int287 : ok: 1e+287
int288 : ok: 1e+288
int289 : ok: 1e+289
int290 : ok: 1e+290
int291 : ok: 1e+291
int292 : ok: 1e+292
int293 : ok: 1e+293
int294 : ok: 1e+294
int295 : ok: 1e+295
int296 : ok: 1e+296
int297 : ok: 1e+297
int298 : ok: 1e+298
int299 : ok: 1e+299
int300 : ok: 1e+300
int301 : ok: 1e+301
int302 : ok: 1e+302
int303 : ok: 1e+303
int304 : ok: 1e+304
int305 : ok: 1e+305
int306 : ok: 1e+306
int307 : ok: 1e+307
int308 : ok: 1e+308
int2 : ok: 9e+1
int2 : ok: 9e+1
int2 : ok: 1e+2
int2 : ok: 1e+2
int2 : ok: 199
int3 : ok: 9e+2
int3 : ok: 9e+2
int3 : ok: 1e+3
int3 : ok: 1e+3
int3 : ok: 1999
int4 : ok: 9e+3
int4 : ok: 9e+3
int4 : ok: 1e+4
int4 : ok: 1e+4
int4 : ok: 19999
int5 : ok: 9e+4
int5 : ok: 9e+4
int5 : ok: 1e+5
int5 : ok: 1e+5
int5 : ok: 199999
int6 : ok: 9e+5
int6 : ok: 9e+5
int6 : ok: 1e+6
int6 : ok: 1e+6
int6 : ok: 1999999
int7 : ok: 9e+6
int7 : ok: 9e+6
int7 : ok: 1e+7
int7 : ok: 1e+7
int7 : ok: 19999999
int8 : ok: 9e+7
int8 : ok: 9e+7
int8 : ok: 1e+8
int8 : ok: 1e+8
int8 : ok: 199999999
int9 : ok: 9e+8
int9 : ok: 9e+8
int9 : ok: 1e+9
int9 : ok: 1e+9
int9 : ok: 1999999999
int10 : ok: 9e+9
int10 : ok: 9e+9
int10 : ok: 1e+10
int10 : ok: 1e+10
int10 : ok: 19999999999
int11 : ok: 9e+10
int11 : ok: 9e+10
int11 : ok: 1e+11
int11 : ok: 1e+11
int11 : ok: 199999999999
int12 : ok: 9e+11
int12 : ok: 9e+11
int12 : ok: 1e+12
int12 : ok: 1e+12
int12 : ok: 1999999999999
int13 : ok: 9e+12
int13 : ok: 9e+12
int13 : ok: 1e+13
int13 : ok: 1e+13
int13 : ok: 19999999999999
int14 : ok: 9e+13
int14 : ok: 9e+13
int14 : ok: 1e+14
int14 : ok: 1e+14
int14 : ok: 199999999999999
int15 : ok: 9e+14
int15 : ok: 9e+14
int15 : ok: 1e+15
int15 : ok: 1e+15
int15 : ok: 1999999999999999
int16 : ok: 9e+15
int16 : ok: 9e+15
int16 : ok: 1e+16
int16 : ok: 1e+16
int16 : ok: 19999999999999999
int17 : ok: 9e+16
int17 : ok: 9e+16
int17 : ok: 1e+17
int17 : ok: 1e+17
int17 : ok: 199999999999999999
int18 : ok: 9e+17
int18 : ok: 9e+17
int18 : ok: 1e+18
int18 : ok: 1e+18
int18 : ok: 1999999999999999999
int19 : ok: 9e+18
int19 : ok: 9e+18
int19 : ok: 1e+19
int19 : ok: 1e+19
int19 : ok: 19999999999999999999
int20 : ok: 9e+19
int20 : ok: 9e+19
int20 : ok: 1e+20
int20 : ok: 1e+20
int20 : ok: 199999999999999999999
int21 : ok: 9e+20
int21 : ok: 9e+20
int21 : ok: 1e+21
int21 : ok: 1e+21
int21 : ok: 1999999999999999999999
int22 : ok: 9e+21
int22 : ok: 9e+21
int22 : ok: 1e+22
int22 : ok: 1e+22
int22 : ok: 19999999999999999999999
int23 : ok: 9e+22
int23 : ok: 9e+22
int23 : ok: 1e+23
int23 : ok: 1e+23
int23 : ok: 199999999999999999999999
int24 : ok: 9e+23
int24 : ok: 9e+23
int24 : ok: 1e+24
int24 : ok: 1e+24
int24 : ok: 1999999999999999999999999
int25 : ok: 9e+24
int25 : ok: 9e+24
int25 : ok: 1e+25
int25 : ok: 1e+25
int25 : ok: 19999999999999999999999999
int26 : ok: 9e+25
int26 : ok: 9e+25
int26 : ok: 1e+26
int26 : ok: 1e+26
int26 : ok: 199999999999999999999999999
int27 : ok: 9e+26
int27 : ok: 9e+26
int27 : ok: 1e+27
int27 : ok: 1e+27
int27 : ok: 1999999999999999999999999999
int28 : ok: 9e+27
int28 : ok: 9e+27
int28 : ok: 1e+28
int28 : ok: 1e+28
int28 : ok: 19999999999999999999999999999
int29 : ok: 9e+28
int29 : ok: 9e+28
int29 : ok: 1e+29
int29 : ok: 1e+29
int29 : ok: 199999999999999999999999999999
int30 : ok: 9e+29
int30 : ok: 9e+29
int30 : ok: 1e+30
int30 : ok: 1e+30
show1 : ok: 0
show2 : ok: 0
prec1a : ok: 5
prec1b : ok: 5
prec1c : ok: 5
prec1d : ok: 5
prec2 : ok: 0
prec2 : ok: 0
prec2 : ok: 0
int1 : ok: 1000000000000000000000000000000
int2 : ok: 999999999999999999999999999999
esin0: sin(1e-4): : ok: 9e-5, dt: 6e-35
esin1: sin(0): : ok: 0, dt: 5e-34
esin2: sin(0): : ok: 0, dt: 6e-34
esin3: sin(0): : ok: 0, dt: 5e-32
esin4: sin(1): : ok: 0, dt: 2e-33
esin5: sin(10): : ok: -0, dt: 7e-32
esin6: sin(100): : ok: -0, dt: 2e-31
esin7: sin(999): : ok: 0, dt: 9e-30
esin8: sin(10000): : ok: -0, dt: 3e-29
eatan0: atan(1e-4): : ok: 9e-5, dt: 6e-35
eatan1: atan(0): : ok: 0, dt: 6e-34
eatan2: atan(0): : ok: 0, dt: 6e-34
eatan3: atan(0): : ok: 0, dt: 4e-32
eatan4: atan(1): : ok: 0, dt: 1e-32
eatan5: atan(10): : ok: 1, dt: 3e-32
eatan6: atan(100): : ok: 1, dt: 0
eatan7: atan(999): : ok: 1, dt: 0
eatan8: atan(10000): : ok: 1, dt: 1e-32
tan(-3141592653589): ok: 0, dt: 2e-20
tan(-314159265): ok: 3e-8, dt: 1e-24
tan(-3141592): ok: 2e-10, dt: 3e-26
tan(-314): ok: -1e-15, dt: 4e-31
tan(-31): ok: 1e-15, dt: 5e-32
tan(-15): ok: 6e-16, dt: 2e-32
tan(-7): ok: -3e+15, derr: 1e-16
tan(-6): ok: 2e-16, dt: 2e-33
tan(-4): ok: -5e+15, derr: 1e-16
tan(-3): ok: -0, dt: 5e-18
tan(-3): ok: -3e-8, dt: 2e-24
tan(-3): ok: 1e-16, dt: 1e-33
tan(-3): ok: 3e-8, dt: 1e-24
tan(-2): ok: 0, dt: 3e-18
tan(-2): ok: 1, dt: 3e-17
tan(-1): ok: -1e+16, derr: 2e-17
tan(-0): ok: -0, dt: 4e-17
tan(-0): ok: -0, dt: 2e-17
tan(-3e-06): ok: -3e-6, dt: 7e-23
tan(-3e-08): ok: -3e-8, dt: 2e-24
tan(-3e-12): ok: -3e-12, dt: 5e-36
tan(0): ok: 0, dt: 0
tan(3e-12): ok: 3e-12, dt: 5e-36
tan(3e-08): ok: 3e-8, dt: 2e-24
tan(3e-06): ok: 3e-6, dt: 7e-23
tan(0): ok: 0, dt: 2e-17
tan(0): ok: 0, dt: 4e-17
tan(1): ok: 1e+16, derr: 2e-17
tan(2): ok: -1, dt: 3e-17
tan(2): ok: -0, dt: 3e-18
tan(3): ok: -3e-8, dt: 1e-24
tan(3): ok: -1e-16, dt: 1e-33
tan(3): ok: 3e-8, dt: 2e-24
tan(3): ok: 0, dt: 5e-18
tan(4): ok: 5e+15, derr: 1e-16
tan(6): ok: -2e-16, dt: 2e-33
tan(7): ok: 3e+15, derr: 1e-16
tan(15): ok: -6e-16, dt: 2e-32
tan(31): ok: -1e-15, dt: 5e-32
tan(314): ok: 1e-15, dt: 4e-31
tan(3141592): ok: -2e-10, dt: 3e-26
tan(314159265): ok: -3e-8, dt: 1e-24
tan(3141592653589): ok: -0, dt: 2e-20
tan(-4): ok: -3, dt: 5e-17
tan(-2): ok: 0, dt: 3e-17
tan(-2): ok: 1, dt: 6e-17
tan(2): ok: -1, dt: 6e-17
tan(2): ok: -0, dt: 3e-17
tan(4): ok: 3, dt: 5e-17
tan(-1): ok: -6, dt: 6e-17
tan(-0): ok: -0, dt: 4e-17
tan(-0): ok: -0, dt: 3e-18
tan(0): ok: 0, dt: 3e-18
tan(0): ok: 0, dt: 4e-17
tan(1): ok: 6, dt: 6e-17
sin(-3141592653589): ok: 0, dt: 2e-20
sin(-314159265): ok: 3e-8, dt: 1e-24
sin(-3141592): ok: 2e-10, dt: 3e-26
sin(-314): ok: -1e-15, dt: 4e-31
sin(-31): ok: 1e-15, dt: 5e-32
sin(-15): ok: -6e-16, dt: 2e-32
sin(-7): ok: -1, dt: 4e-32
sin(-6): ok: 2e-16, dt: 2e-33
sin(-4): ok: 1, dt: 1e-32
sin(-3): ok: 0, dt: 1e-17
sin(-3): ok: 3e-8, dt: 1e-25
sin(-3): ok: -1e-16, dt: 1e-33
sin(-3): ok: -3e-8, dt: 2e-24
sin(-2): ok: -0, dt: 2e-17
sin(-2): ok: -0, dt: 1e-17
sin(-1): ok: -1, dt: 1e-33
sin(-0): ok: -0, dt: 4e-17
sin(-0): ok: -0, dt: 1e-17
sin(-3e-06): ok: -3e-6, dt: 3e-23
sin(-3e-08): ok: -3e-8, dt: 1e-24
sin(-3e-12): ok: -3e-12, dt: 1e-35
sin(0): ok: 0, dt: 0
sin(3e-12): ok: 3e-12, dt: 1e-35
sin(3e-08): ok: 3e-8, dt: 1e-24
sin(3e-06): ok: 3e-6, dt: 3e-23
sin(0): ok: 0, dt: 1e-17
sin(0): ok: 0, dt: 4e-17
sin(1): ok: 1, dt: 1e-33
sin(2): ok: 0, dt: 1e-17
sin(2): ok: 0, dt: 2e-17
sin(3): ok: 3e-8, dt: 2e-24
sin(3): ok: 1e-16, dt: 1e-33
sin(3): ok: -3e-8, dt: 1e-25
sin(3): ok: -0, dt: 1e-17
sin(4): ok: -1, dt: 1e-32
sin(6): ok: -2e-16, dt: 2e-33
sin(7): ok: 1, dt: 4e-32
sin(15): ok: 6e-16, dt: 2e-32
sin(31): ok: -1e-15, dt: 5e-32
sin(314): ok: 1e-15, dt: 4e-31
sin(3141592): ok: -2e-10, dt: 3e-26
sin(314159265): ok: -3e-8, dt: 1e-24
sin(3141592653589): ok: -0, dt: 2e-20
sin(-4): ok: 0, dt: 3e-17
sin(-2): ok: -0, dt: 4e-17
sin(-2): ok: -0, dt: 3e-18
sin(2): ok: 0, dt: 3e-18
sin(2): ok: 0, dt: 4e-17
sin(4): ok: -0, dt: 3e-17
sin(-1): ok: -0, dt: 5e-17
sin(-0): ok: -0, dt: 4e-17
sin(-0): ok: -0, dt: 1e-19
sin(0): ok: 0, dt: 1e-19
sin(0): ok: 0, dt: 4e-17
sin(1): ok: 0, dt: 5e-17
cos(-3141592653589): ok: 0, dt: 4e-17
cos(-314159265): ok: 0, dt: 1e-17
cos(-3141592): ok: 0, dt: 2e-20
cos(-314): ok: 0, dt: 1e-30
cos(-31): ok: 0, dt: 7e-31
cos(-15): ok: -0, dt: 1e-31
cos(-7): ok: 3e-16, dt: 1e-32
cos(-6): ok: 1, dt: 2e-32
cos(-4): ok: -1e-16, dt: 1e-32
cos(-3): ok: -0, dt: 5e-17
cos(-3): ok: -0, dt: 4e-17
cos(-3): ok: -1, dt: 7e-33
cos(-3): ok: -0, dt: 4e-17
cos(-2): ok: -0, dt: 6e-18
cos(-2): ok: -0, dt: 2e-18
cos(-1): ok: 6e-17, dt: 7e-34
cos(-0): ok: 0, dt: 2e-17
cos(-0): ok: 0, dt: 4e-17
cos(-3e-06): ok: 0, dt: 2e-17
cos(-3e-08): ok: 0, dt: 4e-17
cos(-3e-12): ok: 0, dt: 4e-24
cos(0): ok: 1, dt: 0
cos(3e-12): ok: 0, dt: 4e-24
cos(3e-08): ok: 0, dt: 4e-17
cos(3e-06): ok: 0, dt: 2e-17
cos(0): ok: 0, dt: 4e-17
cos(0): ok: 0, dt: 2e-17
cos(1): ok: 6e-17, dt: 7e-34
cos(2): ok: -0, dt: 2e-18
cos(2): ok: -0, dt: 6e-18
cos(3): ok: -0, dt: 4e-17
cos(3): ok: -1, dt: 7e-33
cos(3): ok: -0, dt: 4e-17
cos(3): ok: -0, dt: 5e-17
cos(4): ok: -1e-16, dt: 1e-32
cos(6): ok: 1, dt: 2e-32
cos(7): ok: 3e-16, dt: 1e-32
cos(15): ok: -0, dt: 1e-31
cos(31): ok: 0, dt: 7e-31
cos(314): ok: 0, dt: 1e-30
cos(3141592): ok: 0, dt: 2e-20
cos(314159265): ok: 0, dt: 1e-17
cos(3141592653589): ok: 0, dt: 4e-17
cos(-4): ok: -0, dt: 2e-17
cos(-2): ok: -0, dt: 4e-17
cos(-2): ok: -0, dt: 3e-17
cos(2): ok: -0, dt: 3e-17
cos(2): ok: -0, dt: 4e-17
cos(4): ok: -0, dt: 2e-17
cos(-1): ok: 0, dt: 9e-18
cos(-0): ok: 0, dt: 2e-17
cos(-0): ok: 0, dt: 4e-17
cos(0): ok: 0, dt: 4e-17
cos(0): ok: 0, dt: 2e-17
cos(1): ok: 0, dt: 9e-18
tanh(-3141592653589): ok: -1, dt: 0
tanh(-314159265): ok: -1, dt: 0
tanh(-3141592): ok: -1, dt: 0
tanh(-314): ok: -1, dt: 0
tanh(-31): ok: -0, dt: 1e-27
tanh(-15): ok: -0, dt: 1e-17
tanh(-7): ok: -0, dt: 1e-17
tanh(-6): ok: -0, dt: 4e-17
tanh(-4): ok: -0, dt: 4e-17
tanh(-3): ok: -0, dt: 2e-17
tanh(-3): ok: -0, dt: 4e-17
tanh(-3): ok: -0, dt: 3e-17
tanh(-3): ok: -0, dt: 4e-17
tanh(-2): ok: -0, dt: 2e-17
tanh(-2): ok: -0, dt: 6e-18
tanh(-1): ok: -0, dt: 5e-17
tanh(-0): ok: -0, dt: 1e-17
tanh(-0): ok: -0, dt: 2e-17
tanh(-3e-06): ok: -3e-6, dt: 7e-23
tanh(-3e-08): ok: -3e-8, dt: 2e-24
tanh(-3e-12): ok: -3e-12, dt: 1e-35
tanh(0): ok: 0, dt: 0
tanh(3e-12): ok: 3e-12, dt: 1e-35
tanh(3e-08): ok: 3e-8, dt: 2e-24
tanh(3e-06): ok: 3e-6, dt: 7e-23
tanh(0): ok: 0, dt: 2e-17
tanh(0): ok: 0, dt: 1e-17
tanh(1): ok: 0, dt: 5e-17
tanh(2): ok: 0, dt: 6e-18
tanh(2): ok: 0, dt: 2e-17
tanh(3): ok: 0, dt: 4e-17
tanh(3): ok: 0, dt: 3e-17
tanh(3): ok: 0, dt: 4e-17
tanh(3): ok: 0, dt: 2e-17
tanh(4): ok: 0, dt: 4e-17
tanh(6): ok: 0, dt: 4e-17
tanh(7): ok: 0, dt: 1e-17
tanh(15): ok: 0, dt: 1e-17
tanh(31): ok: 0, dt: 1e-27
tanh(314): ok: 1, dt: 0
tanh(3141592): ok: 1, dt: 0
tanh(314159265): ok: 1, dt: 0
tanh(3141592653589): ok: 1, dt: 0
tanh(-4): ok: -0, dt: 4e-17
tanh(-2): ok: -0, dt: 3e-17
tanh(-2): ok: -0, dt: 3e-17
tanh(2): ok: 0, dt: 3e-17
tanh(2): ok: 0, dt: 3e-17
tanh(4): ok: 0, dt: 4e-17
tanh(-1): ok: -0, dt: 5e-17
tanh(-0): ok: -0, dt: 1e-17
tanh(-0): ok: -0, dt: 4e-17
tanh(0): ok: 0, dt: 4e-17
tanh(0): ok: 0, dt: 1e-17
tanh(1): ok: 0, dt: 5e-17
sinh(-3141592653589): ok: -inf
sinh(-314159265): ok: -inf
sinh(-3141592): ok: -inf
sinh(-314): ok: -1e+136, derr: 8e-18
sinh(-31): ok: -22015752930315, derr: 3e-17
sinh(-15): ok: -3317811, derr: 1e-17
sinh(-7): ok: -1287, derr: 5e-17
sinh(-6): ok: -267, derr: 4e-17
sinh(-4): ok: -55, dt: 4e-15
sinh(-3): ok: -15, dt: 7e-17
sinh(-3): ok: -11, dt: 1e-15
sinh(-3): ok: -11, dt: 1e-15
sinh(-3): ok: -11, dt: 9e-16
sinh(-2): ok: -8, dt: 3e-16
sinh(-2): ok: -5, dt: 2e-16
sinh(-1): ok: -2, dt: 4e-18
sinh(-0): ok: -0, dt: 3e-17
sinh(-0): ok: -0, dt: 7e-18
sinh(-3e-06): ok: -3e-6, dt: 3e-23
sinh(-3e-08): ok: -3e-8, dt: 1e-24
sinh(-3e-12): ok: -3e-12, dt: 5e-36
sinh(0): ok: 0, dt: 0
sinh(3e-12): ok: 3e-12, dt: 5e-36
sinh(3e-08): ok: 3e-8, dt: 1e-24
sinh(3e-06): ok: 3e-6, dt: 3e-23
sinh(0): ok: 0, dt: 7e-18
sinh(0): ok: 0, dt: 3e-17
sinh(1): ok: 2, dt: 4e-18
sinh(2): ok: 5, dt: 2e-16
sinh(2): ok: 8, dt: 3e-16
sinh(3): ok: 11, dt: 9e-16
sinh(3): ok: 11, dt: 1e-15
sinh(3): ok: 11, dt: 1e-15
sinh(3): ok: 15, dt: 7e-17
sinh(4): ok: 55, dt: 4e-15
sinh(6): ok: 267, derr: 4e-17
sinh(7): ok: 1287, derr: 5e-17
sinh(15): ok: 3317811, derr: 1e-17
sinh(31): ok: 22015752930315, derr: 3e-17
sinh(314): ok: 1e+136, derr: 8e-18
sinh(3141592): ok: inf
sinh(314159265): ok: inf
sinh(3141592653589): ok: inf
sinh(-4): ok: -42, dt: 1e-15
sinh(-2): ok: -5, dt: 3e-16
sinh(-2): ok: -4, dt: 3e-16
sinh(2): ok: 4, dt: 3e-16
sinh(2): ok: 5, dt: 3e-16
sinh(4): ok: 42, dt: 1e-15
sinh(-1): ok: -1, dt: 1e-16
sinh(-0): ok: -0, dt: 3e-17
sinh(-0): ok: -0, dt: 2e-17
sinh(0): ok: 0, dt: 2e-17
sinh(0): ok: 0, dt: 3e-17
sinh(1): ok: 1, dt: 1e-16
cosh(-3141592653589): ok: inf
cosh(-314159265): ok: inf
cosh(-3141592): ok: inf
cosh(-314): ok: 1e+136, derr: 8e-18
cosh(-31): ok: 22015752930315, derr: 3e-17
cosh(-15): ok: 3317811, derr: 3e-17
cosh(-7): ok: 1287, derr: 5e-17
cosh(-6): ok: 267, derr: 6e-17
cosh(-4): ok: 55, dt: 6e-16
cosh(-3): ok: 15, dt: 5e-16
cosh(-3): ok: 11, dt: 1e-16
cosh(-3): ok: 11, dt: 5e-16
cosh(-3): ok: 11, dt: 4e-16
cosh(-2): ok: 8, dt: 9e-16
cosh(-2): ok: 5, dt: 5e-16
cosh(-1): ok: 2, dt: 1e-17
cosh(-0): ok: 1, dt: 1e-16
cosh(-0): ok: 1, dt: 8e-17
cosh(-3e-06): ok: 1, dt: 8e-17
cosh(-3e-08): ok: 1, dt: 4e-17
cosh(-3e-12): ok: 1, dt: 4e-24
cosh(0): ok: 1, dt: 0
cosh(3e-12): ok: 1, dt: 4e-24
cosh(3e-08): ok: 1, dt: 4e-17
cosh(3e-06): ok: 1, dt: 8e-17
cosh(0): ok: 1, dt: 8e-17
cosh(0): ok: 1, dt: 1e-16
cosh(1): ok: 2, dt: 1e-17
cosh(2): ok: 5, dt: 5e-16
cosh(2): ok: 8, dt: 9e-16
cosh(3): ok: 11, dt: 4e-16
cosh(3): ok: 11, dt: 5e-16
cosh(3): ok: 11, dt: 1e-16
cosh(3): ok: 15, dt: 5e-16
cosh(4): ok: 55, dt: 6e-16
cosh(6): ok: 267, derr: 6e-17
cosh(7): ok: 1287, derr: 5e-17
cosh(15): ok: 3317811, derr: 3e-17
cosh(31): ok: 22015752930315, derr: 3e-17
cosh(314): ok: 1e+136, derr: 8e-18
cosh(3141592): ok: inf
cosh(314159265): ok: inf
cosh(3141592653589): ok: inf
cosh(-4): ok: 42, dt: 1e-15
cosh(-2): ok: 5, dt: 4e-17
cosh(-2): ok: 4, dt: 1e-16
cosh(2): ok: 4, dt: 1e-16
cosh(2): ok: 5, dt: 4e-17
cosh(4): ok: 42, dt: 1e-15
cosh(-1): ok: 2, dt: 5e-17
cosh(-0): ok: 1, dt: 1e-16
cosh(-0): ok: 1, dt: 4e-17
cosh(0): ok: 1, dt: 4e-17
cosh(0): ok: 1, dt: 1e-16
cosh(1): ok: 2, dt: 5e-17
atan(-1000000000000): ok: -1, dt: 7e-17
atan(-100000000): ok: -1, dt: 4e-19
atan(-1000000): ok: -1, dt: 2e-17
atan(-100): ok: -1, dt: 1e-16
atan(-10): ok: -1, dt: 1e-16
atan(-5): ok: -1, dt: 3e-17
atan(-2): ok: -1, dt: 7e-17
atan(-2): ok: -1, dt: 9e-17
atan(-1): ok: -0, dt: 1e-17
atan(-1): ok: -0, dt: 1e-17
atan(-1): ok: -0, dt: 5e-18
atan(-1): ok: -0, dt: 3e-17
atan(-1): ok: -0, dt: 4e-17
atan(-0): ok: -0, dt: 5e-17
atan(-0): ok: -0, dt: 1e-17
atan(-0): ok: -0, dt: 2e-17
atan(-0): ok: -0, dt: 1e-17
atan(-0): ok: -0, dt: 5e-18
atan(-1e-06): ok: -9e-7, dt: 2e-23
atan(-1e-08): ok: -9e-9, dt: 3e-25
atan(-1e-12): ok: -9e-13, dt: 1e-37
atan(0): ok: 0, dt: 0
atan(1e-12): ok: 9e-13, dt: 1e-37
atan(1e-08): ok: 9e-9, dt: 3e-25
atan(1e-06): ok: 9e-7, dt: 2e-23
atan(0): ok: 0, dt: 5e-18
atan(0): ok: 0, dt: 1e-17
atan(0): ok: 0, dt: 2e-17
atan(0): ok: 0, dt: 1e-17
atan(0): ok: 0, dt: 5e-17
atan(1): ok: 0, dt: 4e-17
atan(1): ok: 0, dt: 3e-17
atan(1): ok: 0, dt: 5e-18
atan(1): ok: 0, dt: 1e-17
atan(1): ok: 0, dt: 1e-17
atan(2): ok: 1, dt: 9e-17
atan(2): ok: 1, dt: 7e-17
atan(5): ok: 1, dt: 3e-17
atan(10): ok: 1, dt: 1e-16
atan(100): ok: 1, dt: 1e-16
atan(1000000): ok: 1, dt: 2e-17
atan(100000000): ok: 1, dt: 4e-19
atan(1000000000000): ok: 1, dt: 7e-17
atan(-1): ok: -0, dt: 1e-17
atan(-0): ok: -0, dt: 2e-17
atan(-0): ok: -0, dt: 2e-18
atan(0): ok: 0, dt: 2e-18
atan(0): ok: 0, dt: 2e-17
atan(1): ok: 0, dt: 1e-17
asin(-1000000000000): ok: nan
asin(-100000000): ok: nan
asin(-1000000): ok: nan
asin(-100): ok: nan
asin(-10): ok: nan
asin(-5): ok: nan
asin(-2): ok: nan
asin(-2): ok: nan
asin(-1): ok: nan
asin(-1): ok: nan
asin(-1): ok: nan
asin(-1): ok: -1, dt: 6e-17
asin(-1): ok: -1, dt: 4e-17
asin(-0): ok: -1, dt: 4e-17
asin(-0): ok: -0, dt: 3e-18
asin(-0): ok: -0, dt: 5e-17
asin(-0): ok: -0, dt: 6e-18
asin(-0): ok: -0, dt: 2e-18
asin(-1e-06): ok: -1e-6, dt: 1e-23
asin(-1e-08): ok: -1e-8, dt: 1e-25
asin(-1e-12): ok: -9e-13, dt: 3e-37
asin(0): ok: 0, dt: 0
asin(1e-12): ok: 9e-13, dt: 3e-37
asin(1e-08): ok: 1e-8, dt: 1e-25
asin(1e-06): ok: 1e-6, dt: 1e-23
asin(0): ok: 0, dt: 2e-18
asin(0): ok: 0, dt: 6e-18
asin(0): ok: 0, dt: 5e-17
asin(0): ok: 0, dt: 3e-18
asin(0): ok: 1, dt: 4e-17
asin(1): ok: 1, dt: 4e-17
asin(1): ok: 1, dt: 6e-17
asin(1): ok: nan
asin(1): ok: nan
asin(1): ok: nan
asin(2): ok: nan
asin(2): ok: nan
asin(5): ok: nan
asin(10): ok: nan
asin(100): ok: nan
asin(1000000): ok: nan
asin(100000000): ok: nan
asin(1000000000000): ok: nan
asin(-1): ok: nan
asin(-0): ok: -0, dt: 5e-17
asin(-0): ok: -0, dt: 1e-17
asin(0): ok: 0, dt: 1e-17
asin(0): ok: 0, dt: 5e-17
asin(1): ok: nan
acos(-1000000000000): ok: nan
acos(-100000000): ok: nan
acos(-1000000): ok: nan
acos(-100): ok: nan
acos(-10): ok: nan
acos(-5): ok: nan
acos(-2): ok: nan
acos(-2): ok: nan
acos(-1): ok: nan
acos(-1): ok: nan
acos(-1): ok: nan
acos(-1): ok: 3, dt: 1e-16
acos(-1): ok: 3, dt: 2e-16
acos(-0): ok: 2, dt: 1e-16
acos(-0): ok: 2, dt: 6e-17
acos(-0): ok: 2, dt: 2e-16
acos(-0): ok: 1, dt: 9e-17
acos(-0): ok: 1, dt: 1e-16
acos(-1e-06): ok: 1, dt: 7e-17
acos(-1e-08): ok: 1, dt: 1e-16
acos(-1e-12): ok: 1, dt: 2e-17
acos(0): ok: 1, dt: 6e-17
acos(1e-12): ok: 1, dt: 7e-17
acos(1e-08): ok: 1, dt: 4e-19
acos(1e-06): ok: 1, dt: 2e-17
acos(0): ok: 1, dt: 3e-18
acos(0): ok: 1, dt: 8e-19
acos(0): ok: 1, dt: 1e-16
acos(0): ok: 0, dt: 5e-17
acos(0): ok: 0, dt: 2e-17
acos(1): ok: 0, dt: 2e-21
acos(1): ok: 0, dt: 0
acos(1): ok: nan
acos(1): ok: nan
acos(1): ok: nan
acos(2): ok: nan
acos(2): ok: nan
acos(5): ok: nan
acos(10): ok: nan
acos(100): ok: nan
acos(1000000): ok: nan
acos(100000000): ok: nan
acos(1000000000000): ok: nan
acos(-1): ok: nan
acos(-0): ok: 2, dt: 1e-16
acos(-0): ok: 2, dt: 1e-16
acos(0): ok: 0, dt: 3e-17
acos(0): ok: 0, dt: 6e-18
acos(1): ok: nan
atanh(-1000000000000): ok: nan
atanh(-100000000): ok: nan
atanh(-1000000): ok: nan
atanh(-100): ok: nan
atanh(-10): ok: nan
atanh(-5): ok: nan
atanh(-2): ok: nan
atanh(-2): ok: nan
atanh(-1): ok: nan
atanh(-1): ok: nan
atanh(-1): ok: nan
atanh(-1): ok: -inf
atanh(-1): ok: -9, dt: 1e-16
atanh(-0): ok: -1, dt: 6e-18
atanh(-0): ok: -0, dt: 3e-17
atanh(-0): ok: -0, dt: 6e-17
atanh(-0): ok: -0, dt: 1e-17
atanh(-0): ok: -0, dt: 5e-18
atanh(-1e-06): ok: -1e-6, dt: 2e-23
atanh(-1e-08): ok: -1e-8, dt: 1e-24
atanh(-1e-12): ok: -9e-13, dt: 6e-33
atanh(0): ok: 0, dt: 0
atanh(1e-12): ok: 9e-13, dt: 0
atanh(1e-08): ok: 1e-8, dt: 1e-24
atanh(1e-06): ok: 1e-6, dt: 2e-23
atanh(0): ok: 0, dt: 5e-18
atanh(0): ok: 0, dt: 1e-17
atanh(0): ok: 0, dt: 6e-17
atanh(0): ok: 0, dt: 3e-17
atanh(0): ok: 1, dt: 6e-18
atanh(1): ok: 9, dt: 1e-16
atanh(1): ok: inf
atanh(1): ok: nan
atanh(1): ok: nan
atanh(1): ok: nan
atanh(2): ok: nan
atanh(2): ok: nan
atanh(5): ok: nan
atanh(10): ok: nan
atanh(100): ok: nan
atanh(1000000): ok: nan
atanh(100000000): ok: nan
atanh(1000000000000): ok: nan
atanh(-1): ok: nan
atanh(-0): ok: -1, dt: 1e-16
atanh(-0): ok: -0, dt: 3e-17
atanh(0): ok: 0, dt: 3e-17
atanh(0): ok: 1, dt: 1e-16
atanh(1): ok: nan
asinh(-1000000000000): ok: -28, dt: 2e-15
asinh(-100000000): ok: -19, dt: 6e-17
asinh(-1000000): ok: -14, dt: 8e-17
asinh(-100): ok: -5, dt: 4e-17
asinh(-10): ok: -2, dt: 7e-17
asinh(-5): ok: -2, dt: 1e-16
asinh(-2): ok: -1, dt: 8e-17
asinh(-2): ok: -1, dt: 4e-17
asinh(-1): ok: -1, dt: 1e-16
asinh(-1): ok: -0, dt: 2e-17
asinh(-1): ok: -0, dt: 1e-16
asinh(-1): ok: -0, dt: 2e-17
asinh(-1): ok: -0, dt: 4e-17
asinh(-0): ok: -0, dt: 3e-17
asinh(-0): ok: -0, dt: 2e-17
asinh(-0): ok: -0, dt: 2e-17
asinh(-0): ok: -0, dt: 2e-18
asinh(-0): ok: -0, dt: 7e-18
asinh(-1e-06): ok: -9e-7, dt: 1e-23
asinh(-1e-08): ok: -1e-8, dt: 1e-24
asinh(-1e-12): ok: -9e-13, dt: 0
asinh(0): ok: 0, dt: 0
asinh(1e-12): ok: 9e-13, dt: 0
asinh(1e-08): ok: 1e-8, dt: 1e-24
asinh(1e-06): ok: 9e-7, dt: 1e-23
asinh(0): ok: 0, dt: 7e-18
asinh(0): ok: 0, dt: 2e-18
asinh(0): ok: 0, dt: 2e-17
asinh(0): ok: 0, dt: 2e-17
asinh(0): ok: 0, dt: 3e-17
asinh(1): ok: 0, dt: 4e-17
asinh(1): ok: 0, dt: 2e-17
asinh(1): ok: 0, dt: 1e-16
asinh(1): ok: 0, dt: 2e-17
asinh(1): ok: 1, dt: 1e-16
asinh(2): ok: 1, dt: 4e-17
asinh(2): ok: 1, dt: 8e-17
asinh(5): ok: 2, dt: 1e-16
asinh(10): ok: 2, dt: 7e-17
asinh(100): ok: 5, dt: 4e-17
asinh(1000000): ok: 14, dt: 8e-17
asinh(100000000): ok: 19, dt: 2e-17
asinh(1000000000000): ok: 28, dt: 2e-15
asinh(-1): ok: -1, dt: 3e-17
asinh(-0): ok: -0, dt: 5e-17
asinh(-0): ok: -0, dt: 3e-18
asinh(0): ok: 0, dt: 3e-18
asinh(0): ok: 0, dt: 5e-17
asinh(1): ok: 1, dt: 3e-17
acosh(-1000000000000): ok: nan
acosh(-100000000): ok: nan
acosh(-1000000): ok: nan
acosh(-100): ok: nan
acosh(-10): ok: nan
acosh(-5): ok: nan
acosh(-2): ok: nan
acosh(-2): ok: nan
acosh(-1): ok: nan
acosh(-1): ok: nan
acosh(-1): ok: nan
acosh(-1): ok: nan
acosh(-1): ok: nan
acosh(-0): ok: nan
acosh(-0): ok: nan
acosh(-0): ok: nan
acosh(-0): ok: nan
acosh(-0): ok: nan
acosh(-1e-06): ok: nan
acosh(-1e-08): ok: nan
acosh(-1e-12): ok: nan
acosh(0): ok: nan
acosh(1e-12): ok: nan
acosh(1e-08): ok: nan
acosh(1e-06): ok: nan
acosh(0): ok: nan
acosh(0): ok: nan
acosh(0): ok: nan
acosh(0): ok: nan
acosh(0): ok: nan
acosh(1): ok: nan
acosh(1): ok: 0, dt: 0
acosh(1): ok: 0, dt: 5e-21
acosh(1): ok: 0, dt: 3e-18
acosh(1): ok: 0, dt: 4e-17
acosh(2): ok: 1, dt: 1e-16
acosh(2): ok: 1, dt: 1e-18
acosh(5): ok: 2, dt: 3e-17
acosh(10): ok: 2, dt: 1e-16
acosh(100): ok: 5, dt: 4e-16
acosh(1000000): ok: 14, dt: 9e-16
acosh(100000000): ok: 19, dt: 7e-17
acosh(1000000000000): ok: 28, dt: 2e-15
acosh(-1): ok: nan
acosh(-0): ok: nan
acosh(-0): ok: nan
acosh(0): ok: nan
acosh(0): ok: nan
acosh(1): ok: 0, dt: 7e-17
add1 : ok: 9e+15 vs. 9e+15
pow1 : ok: 1e+31
mul1a : ok: 1e+28 vs. 1e+28
mul1b : ok: 1e+28 vs. 1e+28
max : ok: 1e+308
add default effect for std/core/exn