logp 1 : ok: 0.693147180559945, 0.693147180559945, 0.693147180559945
logp 2 : ok: 1.332267629550187e-15, 1.234499999999999e-15, 1.234499999999999e-15
logp 3 : ok: 2.220446049250313e-16, 1.234500000000000e-16, 1.234500000000000e-16
logp 4 : ok: 0.000000000000000, 1.234500000000000e-32, 1.234500000000000e-32
logp 5 : ok: 0.000000000000000, 1.234500000000000e-64, 1.234500000000000e-64
logp 6 : ok: 709.782712893383973, 709.782712893383973, 709.782712893383973
atanh: 0: ok: 0.00000000000000
atanh: 1.23e-11: ok: 1.23000000000000e-11
atanh: 1.2299999999999999e-10: ok: 1.23000000000000e-10
atanh: 0.00123: ok: 0.00123000062029
atanh: 0.123: ok: 0.12362598118313
atanh: 0.5: ok: 0.54930614433405
atanh: 0.69314718055994529: ok: 0.85398804799752
atanh: 1: ok: inf
atanh: 2: ok: nan
atanh: inf: ok: nan
atanh: nan: ok: nan
atanh: -0: ok: -0.00000000000000
atanh: -1.23e-11: ok: -1.23000000000000e-11
atanh: -1.2299999999999999e-10: ok: -1.23000000000000e-10
atanh: -0.00123: ok: -0.00123000062029
atanh: -0.123: ok: -0.12362598118313
atanh: -0.5: ok: -0.54930614433405
atanh: -0.69314718055994529: ok: -0.85398804799752
atanh: -1: ok: -inf
atanh: -2: ok: nan
atanh: -inf: ok: nan
atanh: nan: ok: nan
asinh: 0: ok: 0.00000000000000
asinh: 1.23e-16: ok: 1.23000000000000e-16
asinh: 1.2300000000000001e-15: ok: 1.23000000000000e-15
asinh: 0.00123: ok: 0.00122999968986
asinh: 0.122: ok: 0.12169936791920
asinh: 0.5: ok: 0.48121182505960
asinh: 0.69314718055994529: ok: 0.64704348108319
asinh: 1: ok: 0.88137358701954
asinh: 2: ok: 1.44363547517881
asinh: 1230: ok: 7.80791679417192
asinh: 123000000: ok: 19.32084209389664
asinh: 1230000000000000: ok: 35.43893774485496
asinh: 12300000000000000: ok: 37.74152283784900
asinh: inf: ok: inf
asinh: nan: ok: nan
asinh: -0: ok: -0.00000000000000
asinh: -1.23e-16: ok: -1.23000000000000e-16
asinh: -1.2300000000000001e-15: ok: -1.23000000000000e-15
asinh: -0.00123: ok: -0.00122999968986
asinh: -0.122: ok: -0.12169936791920
asinh: -0.5: ok: -0.48121182505960
asinh: -0.69314718055994529: ok: -0.64704348108319
asinh: -1: ok: -0.88137358701954
asinh: -2: ok: -1.44363547517881
asinh: -1230: ok: -7.80791679417192
asinh: -123000000: ok: -19.32084209389664
asinh: -1230000000000000: ok: -35.43893774485496
asinh: -12300000000000000: ok: -37.74152283784900
asinh: -inf: ok: -inf
asinh: nan: ok: nan
acosh: 0: ok: nan
acosh: 1.23e-16: ok: nan
acosh: 1.2300000000000001e-15: ok: nan
acosh: 0.00123: ok: nan
acosh: 0.122: ok: nan
acosh: 0.5: ok: nan
acosh: 0.69314718055994529: ok: nan
acosh: 1: ok: 0.00000000000000
acosh: 2: ok: 1.31695789692482
acosh: 1230: ok: 7.80791646368081
acosh: 123000000: ok: 19.32084209389664
acosh: 1230000000000000: ok: 35.43893774485496
acosh: 12300000000000000: ok: 37.74152283784900
acosh: inf: ok: inf
acosh: nan: ok: nan
acosh: -0: ok: nan
acosh: -1.23e-16: ok: nan
acosh: -1.2300000000000001e-15: ok: nan
acosh: -0.00123: ok: nan
acosh: -0.122: ok: nan
acosh: -0.5: ok: nan
acosh: -0.69314718055994529: ok: nan
acosh: -1: ok: nan
acosh: -2: ok: nan
acosh: -1230: ok: nan
acosh: -123000000: ok: nan
acosh: -1230000000000000: ok: nan
acosh: -12300000000000000: ok: nan
acosh: -inf: ok: nan
acosh: nan: ok: nan
add default effect for std/core/exn