plain : Koka is a well-typed language
encoded: Krnd lv d zhoo-wbshg odqjxdjh
cracked: Koka is a well-typed language
 
medium/caesar/caesar: (s : string) -> string
medium/caesar/chisqr: (xs : list<double>, ys : list<double>) -> double
medium/caesar/encode: (s : string, shift : optional<int>) -> string
medium/caesar/english: list<double>
medium/caesar/freqs: (s : string) -> list<double>
medium/caesar/main: () -> console ()
medium/caesar/percent: (n : int, m : int) -> double
medium/caesar/rotate: forall<a> (xs : list<a>, n : int) -> list<a>
medium/caesar/test-uncaesar: () -> console ()
medium/caesar/uncaesar: (s : string) -> string