type/eff7/while: forall<a,e> (() -> <console,div|e> bool, () -> <console,div|e> a) -> <console,div|e> ()