type/eff8a/forever: forall<a,b,e> (() -> <console,div|e> a) -> <console,div|e> b