type/eff8b/forever: forall<a,b,e> ((string) -> <pure|e> a) -> <pure|e> b
type/eff8b/test: forall<a> () -> <pure,console> a