type/higherrank3/auto: forall<a> (f : forall<b> (b) -> b) -> ((a) -> a)
type/higherrank3/ok: forall<a> (f : forall<b> (b) -> b) -> ((a) -> a)