3add default effect for std/core/exn
 
test/cgen/javascript.kk(84, 3): warning: Some branches in the match will never be reached: _
test/cgen/javascript.kk(84, 3): warning: Some branches in the match will never be reached: _