test/type/wrong/hr7a.kk(4,47): error: types do not match
 context : (throw("hi") : some<a> list<a -> a> -> ... d -> d) -> (int -> int)>)
 term : ... d -> d) -> (int -> int)>
 inferred type: list<(forall<a> (a) -> a) -> ((int) -> int)>
 expected type: list<((int) -> int) -> ((int) -> int)>